// Jest Snapshot v1, https://goo.gl/fbAQLP

exports[`PokemonOptions Component Debe de hacer mach con el snapshot 1`] = `
<div class="pokemon-container mt-3"><img src="https://raw.githubusercontent.com/PokeAPI/sprites/master/sprites/pokemon/other/dream-world/1.svg" class="hidden-pokemon" alt="pokemon">
  <!--v-if-->
</div>
`;
