// Jest Snapshot v1, https://goo.gl/fbAQLP

exports[`App Component Debe de hacer mach con el snapshot 1`] = `
<header-stub></header-stub>
<pokemon-page-stub></pokemon-page-stub>
<footer-stub></footer-stub>
`;
